<html>
<body>
<pre>
<h1>µVision3 Build Log</h1>
<h2>Project:</h2>
D:\Àý³Ì\V20\TIMx_test\TIMx_test.uv2
Project File Date:  10/14/2008

<h2>Output:</h2>
Build target 'TIMx'
assembling STM32F10x.s...
creating preprocessor file for stm32f10x_it.c...
compiling stm32f10x_it.c...
creating preprocessor file for main.c...
compiling main.c...
linking...
Program Size: Code=2632 RO-data=268 RW-data=28 ZI-data=636  
FromELF: creating hex file...
"release.axf" - 0 Error(s), 0 Warning(s).
Build target 'TIMx'
assembling STM32F10x.s...
creating preprocessor file for stm32f10x_it.c...
compiling stm32f10x_it.c...
creating preprocessor file for main.c...
compiling main.c...
linking...
Program Size: Code=2632 RO-data=268 RW-data=28 ZI-data=636  
FromELF: creating hex file...
"release.axf" - 0 Error(s), 0 Warning(s).
Clean started: Project: 'TIMx_test'
   deleting intermediate output files for target 'TIMx'
