Archive member included because of file (symbol)

c:/gcc/bin/../lib/gcc/arm-none-eabi/4.8.4/../../../../arm-none-eabi/lib/armv7-m\libc.a(lib_a-strlen.o)
                              ..\obj\GUI_DRV.o (strlen)

Discarded input sections

 .text          0x00000000        0x0 ..\obj\system_stm32f10x.o
 .data          0x00000000       0x14 ..\obj\system_stm32f10x.o
 .bss           0x00000000        0x0 ..\obj\system_stm32f10x.o
 .text.SystemCoreClockUpdate
                0x00000000       0xd8 ..\obj\system_stm32f10x.o
 .text          0x00000000        0x0 ..\obj\startup_stm32f10x_hd.o
 .data          0x00000000        0x0 ..\obj\startup_stm32f10x_hd.o
 .bss           0x00000000        0x0 ..\obj\startup_stm32f10x_hd.o
 .text          0x00000000        0x0 ..\obj\stm32f10x_fsmc.o
 .data          0x00000000        0x0 ..\obj\stm32f10x_fsmc.o
 .bss           0x00000000        0x0 ..\obj\stm32f10x_fsmc.o
 .text.FSMC_NORSRAMDeInit
                0x00000000       0x58 ..\obj\stm32f10x_fsmc.o
 .text.FSMC_NANDDeInit
                0x00000000       0x5c ..\obj\stm32f10x_fsmc.o
 .text.FSMC_PCCARDDeInit
                0x00000000       0x34 ..\obj\stm32f10x_fsmc.o
 .text.FSMC_NANDInit
                0x00000000       0xcc ..\obj\stm32f10x_fsmc.o
 .text.FSMC_PCCARDInit
                0x00000000       0xac ..\obj\stm32f10x_fsmc.o
 .text.FSMC_NORSRAMStructInit
                0x00000000       0xd4 ..\obj\stm32f10x_fsmc.o
 .text.FSMC_NANDStructInit
                0x00000000       0x7c ..\obj\stm32f10x_fsmc.o
 .text.FSMC_PCCARDStructInit
                0x00000000       0x84 ..\obj\stm32f10x_fsmc.o
 .text.FSMC_NANDCmd
                0x00000000       0x6c ..\obj\stm32f10x_fsmc.o
 .text.FSMC_PCCARDCmd
                0x00000000       0x3c ..\obj\stm32f10x_fsmc.o
 .text.FSMC_NANDECCCmd
                0x00000000       0x6c ..\obj\stm32f10x_fsmc.o
 .text.FSMC_GetECC
                0x00000000       0x38 ..\obj\stm32f10x_fsmc.o
 .text.FSMC_ITConfig
                0x00000000       0xa0 ..\obj\stm32f10x_fsmc.o
 .text.FSMC_GetFlagStatus
                0x00000000       0x64 ..\obj\stm32f10x_fsmc.o
 .text.FSMC_ClearFlag
                0x00000000       0x5c ..\obj\stm32f10x_fsmc.o
 .text.FSMC_GetITStatus
                0x00000000       0x80 ..\obj\stm32f10x_fsmc.o
 .text.FSMC_ClearITPendingBit
                0x00000000       0x64 ..\obj\stm32f10x_fsmc.o
 .text          0x00000000        0x0 ..\obj\LCD_DRIVER.o
 .data          0x00000000        0x0 ..\obj\LCD_DRIVER.o
 .bss           0x00000000        0x0 ..\obj\LCD_DRIVER.o
 .text          0x00000000        0x0 ..\obj\System.o
 .data          0x00000000        0x0 ..\obj\System.o
 .bss           0x00000000        0x0 ..\obj\System.o
 .text          0x00000000        0x0 ..\obj\stm32f10x_gpio.o
 .data          0x00000000        0x0 ..\obj\stm32f10x_gpio.o
 .bss           0x00000000        0x0 ..\obj\stm32f10x_gpio.o
 .text.GPIO_DeInit
                0x00000000       0xe4 ..\obj\stm32f10x_gpio.o
 .text.GPIO_AFIODeInit
                0x00000000       0x18 ..\obj\stm32f10x_gpio.o
 .text.GPIO_StructInit
                0x00000000       0x28 ..\obj\stm32f10x_gpio.o
 .text.GPIO_ReadInputData
                0x00000000       0x1c ..\obj\stm32f10x_gpio.o
 .text.GPIO_ReadOutputDataBit
                0x00000000       0x34 ..\obj\stm32f10x_gpio.o
 .text.GPIO_ReadOutputData
                0x00000000       0x1c ..\obj\stm32f10x_gpio.o
 .text.GPIO_WriteBit
                0x00000000       0x30 ..\obj\stm32f10x_gpio.o
 .text.GPIO_Write
                0x00000000       0x1c ..\obj\stm32f10x_gpio.o
 .text.GPIO_PinLockConfig
                0x00000000       0x44 ..\obj\stm32f10x_gpio.o
 .text.GPIO_EventOutputConfig
                0x00000000       0x48 ..\obj\stm32f10x_gpio.o
 .text.GPIO_EventOutputCmd
                0x00000000       0x20 ..\obj\stm32f10x_gpio.o
 .text.GPIO_PinRemapConfig
                0x00000000       0xe0 ..\obj\stm32f10x_gpio.o
 .text.GPIO_EXTILineConfig
                0x00000000       0x7c ..\obj\stm32f10x_gpio.o
 .text.GPIO_ETH_MediaInterfaceConfig
                0x00000000       0x1c ..\obj\stm32f10x_gpio.o
 .text          0x00000000        0x0 ..\obj\main.o
 .data          0x00000000        0x0 ..\obj\main.o
 .text          0x00000000        0x0 ..\obj\font.o
 .data          0x00000000        0x0 ..\obj\font.o
 .bss           0x00000000        0x0 ..\obj\font.o
 .text          0x00000000        0x0 ..\obj\printf.o
 .data          0x00000000      0x430 ..\obj\printf.o
 .bss           0x00000000        0x0 ..\obj\printf.o
 .text.PrintChar
                0x00000000       0x14 ..\obj\printf.o
 .text.PutChar  0x00000000       0x20 ..\obj\printf.o
 .text.PutString
                0x00000000       0x3c ..\obj\printf.o
 .text.PutUnsignedInt
                0x00000000       0xa0 ..\obj\printf.o
 .text.PutSignedInt
                0x00000000       0xfc ..\obj\printf.o
 .text.PutHexa  0x00000000       0xd4 ..\obj\printf.o
 .text.vsnprintf
                0x00000000      0x254 ..\obj\printf.o
 .text.snprintf
                0x00000000       0x30 ..\obj\printf.o
 .text.vsprintf
                0x00000000       0x24 ..\obj\printf.o
 .rodata        0x00000000       0x24 ..\obj\printf.o
 .text.vfprintf
                0x00000000       0x68 ..\obj\printf.o
 .text.vprintf  0x00000000       0x28 ..\obj\printf.o
 .text.fprintf  0x00000000       0x2c ..\obj\printf.o
 .text.printf   0x00000000       0x28 ..\obj\printf.o
 .text.sprintf  0x00000000       0x2c ..\obj\printf.o
 .text.puts     0x00000000       0x24 ..\obj\printf.o
 .text.fputc    0x00000000       0x40 ..\obj\printf.o
 .text.fputs    0x00000000       0x48 ..\obj\printf.o
 .debug_info    0x00000000      0xe38 ..\obj\printf.o
 .debug_abbrev  0x00000000      0x27e ..\obj\printf.o
 .debug_aranges
                0x00000000       0xa0 ..\obj\printf.o
 .debug_ranges  0x00000000       0x90 ..\obj\printf.o
 .debug_line    0x00000000      0x301 ..\obj\printf.o
 .debug_str     0x00000000      0x668 ..\obj\printf.o
 .comment       0x00000000       0x71 ..\obj\printf.o
 .ARM.attributes
                0x00000000       0x33 ..\obj\printf.o
 .debug_frame   0x00000000      0x244 ..\obj\printf.o
 .text          0x00000000        0x0 ..\obj\stm32f10x_rcc.o
 .data          0x00000000       0x14 ..\obj\stm32f10x_rcc.o
 .bss           0x00000000        0x0 ..\obj\stm32f10x_rcc.o
 .text.RCC_DeInit
                0x00000000       0x5c ..\obj\stm32f10x_rcc.o
 .text.RCC_HSEConfig
                0x00000000       0x5c ..\obj\stm32f10x_rcc.o
 .text.RCC_WaitForHSEStartUp
                0x00000000       0x50 ..\obj\stm32f10x_rcc.o
 .text.RCC_AdjustHSICalibrationValue
                0x00000000       0x3c ..\obj\stm32f10x_rcc.o
 .text.RCC_HSICmd
                0x00000000       0x20 ..\obj\stm32f10x_rcc.o
 .text.RCC_PLLConfig
                0x00000000       0x3c ..\obj\stm32f10x_rcc.o
 .text.RCC_PLLCmd
                0x00000000       0x20 ..\obj\stm32f10x_rcc.o
 .text.RCC_SYSCLKConfig
                0x00000000       0x38 ..\obj\stm32f10x_rcc.o
 .text.RCC_GetSYSCLKSource
                0x00000000       0x20 ..\obj\stm32f10x_rcc.o
 .text.RCC_HCLKConfig
                0x00000000       0x38 ..\obj\stm32f10x_rcc.o
 .text.RCC_PCLK1Config
                0x00000000       0x38 ..\obj\stm32f10x_rcc.o
 .text.RCC_PCLK2Config
                0x00000000       0x38 ..\obj\stm32f10x_rcc.o
 .text.RCC_ITConfig
                0x00000000       0x48 ..\obj\stm32f10x_rcc.o
 .text.RCC_USBCLKConfig
                0x00000000       0x1c ..\obj\stm32f10x_rcc.o
 .text.RCC_ADCCLKConfig
                0x00000000       0x38 ..\obj\stm32f10x_rcc.o
 .text.RCC_LSEConfig
                0x00000000       0x40 ..\obj\stm32f10x_rcc.o
 .text.RCC_LSICmd
                0x00000000       0x20 ..\obj\stm32f10x_rcc.o
 .text.RCC_RTCCLKConfig
                0x00000000       0x24 ..\obj\stm32f10x_rcc.o
 .text.RCC_RTCCLKCmd
                0x00000000       0x20 ..\obj\stm32f10x_rcc.o
 .text.RCC_GetClocksFreq
                0x00000000      0x164 ..\obj\stm32f10x_rcc.o
 .text.RCC_APB1PeriphClockCmd
                0x00000000       0x3c ..\obj\stm32f10x_rcc.o
 .text.RCC_APB2PeriphResetCmd
                0x00000000       0x3c ..\obj\stm32f10x_rcc.o
 .text.RCC_APB1PeriphResetCmd
                0x00000000       0x3c ..\obj\stm32f10x_rcc.o
 .text.RCC_BackupResetCmd
                0x00000000       0x20 ..\obj\stm32f10x_rcc.o
 .text.RCC_ClockSecuritySystemCmd
                0x00000000       0x20 ..\obj\stm32f10x_rcc.o
 .text.RCC_MCOConfig
                0x00000000       0x20 ..\obj\stm32f10x_rcc.o
 .text.RCC_GetFlagStatus
                0x00000000       0x74 ..\obj\stm32f10x_rcc.o
 .text.RCC_ClearFlag
                0x00000000       0x1c ..\obj\stm32f10x_rcc.o
 .text.RCC_GetITStatus
                0x00000000       0x38 ..\obj\stm32f10x_rcc.o
 .text.RCC_ClearITPendingBit
                0x00000000       0x20 ..\obj\stm32f10x_rcc.o
 .text          0x00000000        0x0 ..\obj\stm32f10x_exti.o
 .data          0x00000000        0x0 ..\obj\stm32f10x_exti.o
 .bss           0x00000000        0x0 ..\obj\stm32f10x_exti.o
 .text.EXTI_DeInit
                0x00000000       0x34 ..\obj\stm32f10x_exti.o
 .text.EXTI_Init
                0x00000000       0xdc ..\obj\stm32f10x_exti.o
 .text.EXTI_StructInit
                0x00000000       0x2c ..\obj\stm32f10x_exti.o
 .text.EXTI_GenerateSWInterrupt
                0x00000000       0x24 ..\obj\stm32f10x_exti.o
 .text.EXTI_GetFlagStatus
                0x00000000       0x34 ..\obj\stm32f10x_exti.o
 .text.EXTI_ClearFlag
                0x00000000       0x1c ..\obj\stm32f10x_exti.o
 .text.EXTI_GetITStatus
                0x00000000       0x48 ..\obj\stm32f10x_exti.o
 .text.EXTI_ClearITPendingBit
                0x00000000       0x1c ..\obj\stm32f10x_exti.o
 .debug_info    0x00000000      0x341 ..\obj\stm32f10x_exti.o
 .debug_abbrev  0x00000000      0x151 ..\obj\stm32f10x_exti.o
 .debug_aranges
                0x00000000       0x58 ..\obj\stm32f10x_exti.o
 .debug_ranges  0x00000000       0x48 ..\obj\stm32f10x_exti.o
 .debug_line    0x00000000      0x241 ..\obj\stm32f10x_exti.o
 .debug_str     0x00000000      0x35c ..\obj\stm32f10x_exti.o
 .comment       0x00000000       0x71 ..\obj\stm32f10x_exti.o
 .ARM.attributes
                0x00000000       0x33 ..\obj\stm32f10x_exti.o
 .debug_frame   0x00000000       0xec ..\obj\stm32f10x_exti.o
 .text          0x00000000        0x0 ..\obj\touch2046.o
 .data          0x00000000        0x0 ..\obj\touch2046.o
 .text          0x00000000        0x0 ..\obj\syscalls.o
 .data          0x00000000        0x0 ..\obj\syscalls.o
 .bss           0x00000000        0x4 ..\obj\syscalls.o
 .text._sbrk    0x00000000       0x40 ..\obj\syscalls.o
 .text.link     0x00000000       0x1c ..\obj\syscalls.o
 .text._close   0x00000000       0x18 ..\obj\syscalls.o
 .text._fstat   0x00000000       0x20 ..\obj\syscalls.o
 .text._isatty  0x00000000       0x18 ..\obj\syscalls.o
 .text._lseek   0x00000000       0x1c ..\obj\syscalls.o
 .text._read    0x00000000       0x1c ..\obj\syscalls.o
 .text._write   0x00000000       0x1c ..\obj\syscalls.o
 .text.abort    0x00000000        0x8 ..\obj\syscalls.o
 .debug_info    0x00000000      0x3ee ..\obj\syscalls.o
 .debug_abbrev  0x00000000       0xe2 ..\obj\syscalls.o
 .debug_aranges
                0x00000000       0x60 ..\obj\syscalls.o
 .debug_ranges  0x00000000       0x50 ..\obj\syscalls.o
 .debug_line    0x00000000      0x145 ..\obj\syscalls.o
 .debug_str     0x00000000      0x2d9 ..\obj\syscalls.o
 .comment       0x00000000       0x71 ..\obj\syscalls.o
 .ARM.attributes
                0x00000000       0x33 ..\obj\syscalls.o
 .debug_frame   0x00000000      0x108 ..\obj\syscalls.o
 .text          0x00000000        0x0 ..\obj\GUI_DRV.o
 .text.LCD_GetMaxX
                0x00000000       0x20 ..\obj\GUI_DRV.o
 .text.LCD_GetMaxY
                0x00000000       0x24 ..\obj\GUI_DRV.o
 .text.LCD_GetCharHight
                0x00000000       0x18 ..\obj\GUI_DRV.o
 .text.LCD_SetCursor
                0x00000000       0x28 ..\obj\GUI_DRV.o
 .text.LCD_DrawRect
                0x00000000       0x84 ..\obj\GUI_DRV.o
 .text.LCD_DrawEllipse
                0x00000000      0x11c ..\obj\GUI_DRV.o
 .text          0x00000000        0x0 ..\obj\misc.o
 .data          0x00000000        0x0 ..\obj\misc.o
 .bss           0x00000000        0x0 ..\obj\misc.o
 .text.NVIC_PriorityGroupConfig
                0x00000000       0x24 ..\obj\misc.o
 .text.NVIC_Init
                0x00000000       0xc0 ..\obj\misc.o
 .text.NVIC_SetVectorTable
                0x00000000       0x2c ..\obj\misc.o
 .text.NVIC_SystemLPConfig
                0x00000000       0x40 ..\obj\misc.o
 .text.SysTick_CLKSourceConfig
                0x00000000       0x38 ..\obj\misc.o
 .debug_info    0x00000000      0x53d ..\obj\misc.o
 .debug_abbrev  0x00000000      0x145 ..\obj\misc.o
 .debug_aranges
                0x00000000       0x40 ..\obj\misc.o
 .debug_ranges  0x00000000       0x30 ..\obj\misc.o
 .debug_line    0x00000000      0x1e1 ..\obj\misc.o
 .debug_str     0x00000000      0x3d1 ..\obj\misc.o
 .comment       0x00000000       0x71 ..\obj\misc.o
 .ARM.attributes
                0x00000000       0x33 ..\obj\misc.o
 .debug_frame   0x00000000       0x9c ..\obj\misc.o
 .text          0x00000000        0x0 ..\obj\stm32f10x_spi.o
 .data          0x00000000        0x0 ..\obj\stm32f10x_spi.o
 .bss           0x00000000        0x0 ..\obj\stm32f10x_spi.o
 .text.SPI_I2S_DeInit
                0x00000000       0x74 ..\obj\stm32f10x_spi.o
 .text.I2S_Init
                0x00000000      0x164 ..\obj\stm32f10x_spi.o
 .text.SPI_StructInit
                0x00000000       0x48 ..\obj\stm32f10x_spi.o
 .text.I2S_StructInit
                0x00000000       0x38 ..\obj\stm32f10x_spi.o
 .text.I2S_Cmd  0x00000000       0x40 ..\obj\stm32f10x_spi.o
 .text.SPI_I2S_ITConfig
                0x00000000       0x60 ..\obj\stm32f10x_spi.o
 .text.SPI_I2S_DMACmd
                0x00000000       0x48 ..\obj\stm32f10x_spi.o
 .text.SPI_DataSizeConfig
                0x00000000       0x38 ..\obj\stm32f10x_spi.o
 .text.SPI_TransmitCRC
                0x00000000       0x24 ..\obj\stm32f10x_spi.o
 .text.SPI_GetCRC
                0x00000000       0x34 ..\obj\stm32f10x_spi.o
 .text.SPI_GetCRCPolynomial
                0x00000000       0x1c ..\obj\stm32f10x_spi.o
 .text.SPI_BiDirectionalLineConfig
                0x00000000       0x40 ..\obj\stm32f10x_spi.o
 .text.SPI_I2S_ClearFlag
                0x00000000       0x20 ..\obj\stm32f10x_spi.o
 .text.SPI_I2S_GetITStatus
                0x00000000       0x78 ..\obj\stm32f10x_spi.o
 .text.SPI_I2S_ClearITPendingBit
                0x00000000       0x34 ..\obj\stm32f10x_spi.o
 .text          0x00000000        0x0 c:/gcc/bin/../lib/gcc/arm-none-eabi/4.8.4/../../../../arm-none-eabi/lib/armv7-m\libc.a(lib_a-strlen.o)
 .data          0x00000000        0x0 c:/gcc/bin/../lib/gcc/arm-none-eabi/4.8.4/../../../../arm-none-eabi/lib/armv7-m\libc.a(lib_a-strlen.o)
 .bss           0x00000000        0x0 c:/gcc/bin/../lib/gcc/arm-none-eabi/4.8.4/../../../../arm-none-eabi/lib/armv7-m\libc.a(lib_a-strlen.o)

Memory Configuration

Name             Origin             Length             Attributes
rom              0x08000000         0x00080000         xr
ram              0x20000000         0x00010000         xrw
*default*        0x00000000         0xffffffff

Linker script and memory map

                0x20010000                _eram = 0x20010000

.text           0x08000000     0x31b4
 *(.isr_vector)
 .isr_vector    0x08000000      0x134 ..\obj\startup_stm32f10x_hd.o
                0x08000000                g_pfnVectors
 *(.text*)
 .text.SystemInit
                0x08000134       0x68 ..\obj\system_stm32f10x.o
                0x08000134                SystemInit
 .text.SetSysClock
                0x0800019c        0xc ..\obj\system_stm32f10x.o
 .text.SetSysClockTo72
                0x080001a8      0x100 ..\obj\system_stm32f10x.o
 .text.Default_Reset_Handler
                0x080002a8       0x60 ..\obj\startup_stm32f10x_hd.o
                0x080002a8                Default_Reset_Handler
                0x080002a8                Reset_Handler
 .text.Default_Handler
                0x08000308        0x8 ..\obj\startup_stm32f10x_hd.o
                0x08000308                EXTI2_IRQHandler
                0x08000308                TIM8_TRG_COM_IRQHandler
                0x08000308                TIM8_CC_IRQHandler
                0x08000308                DebugMon_Handler
                0x08000308                TIM1_CC_IRQHandler
                0x08000308                HardFault_Handler
                0x08000308                TIM6_IRQHandler
                0x08000308                SysTick_Handler
                0x08000308                PVD_IRQHandler
                0x08000308                SDIO_IRQHandler
                0x08000308                PendSV_Handler
                0x08000308                NMI_Handler
                0x08000308                EXTI3_IRQHandler
                0x08000308                EXTI0_IRQHandler
                0x08000308                I2C2_EV_IRQHandler
                0x08000308                UsageFault_Handler
                0x08000308                ADC1_2_IRQHandler
                0x08000308                SPI1_IRQHandler
                0x08000308                TAMPER_IRQHandler
                0x08000308                TIM8_UP_IRQHandler
                0x08000308                DMA2_Channel2_IRQHandler
                0x08000308                DMA1_Channel4_IRQHandler
                0x08000308                USART3_IRQHandler
                0x08000308                RTC_IRQHandler
                0x08000308                DMA1_Channel7_IRQHandler
                0x08000308                CAN1_RX1_IRQHandler
                0x08000308                UART5_IRQHandler
                0x08000308                ADC3_IRQHandler
                0x08000308                TIM4_IRQHandler
                0x08000308                DMA2_Channel1_IRQHandler
                0x08000308                I2C1_EV_IRQHandler
                0x08000308                DMA1_Channel6_IRQHandler
                0x08000308                UART4_IRQHandler
                0x08000308                TIM3_IRQHandler
                0x08000308                RCC_IRQHandler
                0x08000308                TIM1_TRG_COM_IRQHandler
                0x08000308                DMA1_Channel1_IRQHandler
                0x08000308                EXTI15_10_IRQHandler
                0x08000308                TIM7_IRQHandler
                0x08000308                TIM5_IRQHandler
                0x08000308                EXTI9_5_IRQHandler
                0x08000308                SPI2_IRQHandler
                0x08000308                MemManage_Handler
                0x08000308                SVC_Handler
                0x08000308                DMA1_Channel5_IRQHandler
                0x08000308                EXTI4_IRQHandler
                0x08000308                USB_LP_CAN1_RX0_IRQHandler
                0x08000308                USB_HP_CAN1_TX_IRQHandler
                0x08000308                DMA1_Channel3_IRQHandler
                0x08000308                FSMC_IRQHandler
                0x08000308                TIM1_UP_IRQHandler
                0x08000308                WWDG_IRQHandler
                0x08000308                TIM2_IRQHandler
                0x08000308                TIM1_BRK_IRQHandler
                0x08000308                EXTI1_IRQHandler
                0x08000308                RTCAlarm_IRQHandler
                0x08000308                DMA2_Channel4_5_IRQHandler
                0x08000308                USART2_IRQHandler
                0x08000308                I2C2_ER_IRQHandler
                0x08000308                DMA1_Channel2_IRQHandler
                0x08000308                TIM8_BRK_IRQHandler
                0x08000308                CAN1_SCE_IRQHandler
                0x08000308                FLASH_IRQHandler
                0x08000308                BusFault_Handler
                0x08000308                USART1_IRQHandler
                0x08000308                SPI3_IRQHandler
                0x08000308                I2C1_ER_IRQHandler
                0x08000308                USBWakeUp_IRQHandler
                0x08000308                DMA2_Channel3_IRQHandler
 .text.FSMC_NORSRAMInit
                0x08000310      0x134 ..\obj\stm32f10x_fsmc.o
                0x08000310                FSMC_NORSRAMInit
 .text.FSMC_NORSRAMCmd
                0x08000444       0x54 ..\obj\stm32f10x_fsmc.o
                0x08000444                FSMC_NORSRAMCmd
 .text.writeLCDCommand
                0x08000498       0x2c ..\obj\LCD_DRIVER.o
                0x08000498                writeLCDCommand
 .text.writeLCDData
                0x080004c4       0x20 ..\obj\LCD_DRIVER.o
                0x080004c4                writeLCDData
 .text.delay    0x080004e4       0x28 ..\obj\System.o
                0x080004e4                delay
 .text.GPIO_Init
                0x0800050c      0x178 ..\obj\stm32f10x_gpio.o
                0x0800050c                GPIO_Init
 .text.GPIO_ReadInputDataBit
                0x08000684       0x34 ..\obj\stm32f10x_gpio.o
                0x08000684                GPIO_ReadInputDataBit
 .text.GPIO_SetBits
                0x080006b8       0x1c ..\obj\stm32f10x_gpio.o
                0x080006b8                GPIO_SetBits
 .text.GPIO_ResetBits
                0x080006d4       0x1c ..\obj\stm32f10x_gpio.o
                0x080006d4                GPIO_ResetBits
 .text.initPeriph
                0x080006f0       0xb8 ..\obj\main.o
                0x080006f0                initPeriph
 .text.initFSMC
                0x080007a8       0x7c ..\obj\main.o
                0x080007a8                initFSMC
 .text.initLCD  0x08000824      0x1c8 ..\obj\main.o
                0x08000824                initLCD
 .text.main     0x080009ec       0x74 ..\obj\main.o
                0x080009ec                main
 .text.RCC_AHBPeriphClockCmd
                0x08000a60       0x3c ..\obj\stm32f10x_rcc.o
                0x08000a60                RCC_AHBPeriphClockCmd
 .text.RCC_APB2PeriphClockCmd
                0x08000a9c       0x3c ..\obj\stm32f10x_rcc.o
                0x08000a9c                RCC_APB2PeriphClockCmd
 .text.SPI_Write
                0x08000ad8       0x88 ..\obj\touch2046.o
 .text.TouchInit
                0x08000b60      0x11c ..\obj\touch2046.o
                0x08000b60                TouchInit
 .text.SpiDelay
                0x08000c7c       0x28 ..\obj\touch2046.o
 .text.TPReadX  0x08000ca4       0x30 ..\obj\touch2046.o
 .text.TPReadY  0x08000cd4       0x30 ..\obj\touch2046.o
 .text.TouchReadXY
                0x08000d04       0xa8 ..\obj\touch2046.o
                0x08000d04                TouchReadXY
 .text.TouchSetScreenSize
                0x08000dac       0x2c ..\obj\touch2046.o
                0x08000dac                TouchSetScreenSize
 .text.isTouch  0x08000dd8       0x20 ..\obj\touch2046.o
                0x08000dd8                isTouch
 .text.TouchSetCoef
                0x08000df8       0x40 ..\obj\touch2046.o
                0x08000df8                TouchSetCoef
 .text.TouchVerifyCoef
                0x08000e38       0x2c ..\obj\touch2046.o
 .text.TouchCalibrate
                0x08000e64      0x51c ..\obj\touch2046.o
                0x08000e64                TouchCalibrate
 .text.LCD_PutPixel
                0x08001380       0x80 ..\obj\GUI_DRV.o
                0x08001380                LCD_PutPixel
 .text.LCD_SetOrient
                0x08001400       0x20 ..\obj\GUI_DRV.o
                0x08001400                LCD_SetOrient
 .text.LCD_DrawChar
                0x08001420      0x138 ..\obj\GUI_DRV.o
                0x08001420                LCD_DrawChar
 .text.LCD_DrawString
                0x08001558       0x58 ..\obj\GUI_DRV.o
                0x08001558                LCD_DrawString
 .text.LCD_drawLine
                0x080015b0      0x1ac ..\obj\GUI_DRV.o
                0x080015b0                LCD_drawLine
 .text.LCD_FillScr
                0x0800175c       0x38 ..\obj\GUI_DRV.o
                0x0800175c                LCD_FillScr
 .text.SPI_Init
                0x08001794       0x88 ..\obj\stm32f10x_spi.o
                0x08001794                SPI_Init
 .text.SPI_Cmd  0x0800181c       0x40 ..\obj\stm32f10x_spi.o
                0x0800181c                SPI_Cmd
 .text.SPI_I2S_SendData
                0x0800185c       0x1c ..\obj\stm32f10x_spi.o
                0x0800185c                SPI_I2S_SendData
 .text.SPI_I2S_ReceiveData
                0x08001878       0x1c ..\obj\stm32f10x_spi.o
                0x08001878                SPI_I2S_ReceiveData
 .text.SPI_NSSInternalSoftwareConfig
                0x08001894       0x44 ..\obj\stm32f10x_spi.o
                0x08001894                SPI_NSSInternalSoftwareConfig
 .text.SPI_SSOutputCmd
                0x080018d8       0x40 ..\obj\stm32f10x_spi.o
                0x080018d8                SPI_SSOutputCmd
 .text.SPI_CalculateCRC
                0x08001918       0x40 ..\obj\stm32f10x_spi.o
                0x08001918                SPI_CalculateCRC
 .text.SPI_I2S_GetFlagStatus
                0x08001958       0x38 ..\obj\stm32f10x_spi.o
                0x08001958                SPI_I2S_GetFlagStatus
 .text.strlen   0x08001990       0x60 c:/gcc/bin/../lib/gcc/arm-none-eabi/4.8.4/../../../../arm-none-eabi/lib/armv7-m\libc.a(lib_a-strlen.o)
                0x08001990                strlen
 *(.init)
 *(.fini)
 *crtbegin.o(.ctors)
 *crtbegin?.o(.ctors)
 *(EXCLUDE_FILE(*crtend.o *crtend?.o) .ctors)
 *(SORT(.ctors.*))
 *(.ctors)
 *crtbegin.o(.dtors)
 *crtbegin?.o(.dtors)
 *(EXCLUDE_FILE(*crtend.o *crtend?.o) .dtors)
 *(SORT(.dtors.*))
 *(.dtors)
 *(.rodata*)
 .rodata        0x080019f0     0x176c ..\obj\font.o
                0x080019f0                lucidaConsole12ptBitmaps
                0x08002dd0                lucidaConsole12ptDescriptors
                0x08003150                lucidaConsole12ptFontInfo
 .rodata        0x0800315c       0x58 ..\obj\touch2046.o
 *(.eh_fram e*)

.glue_7         0x080031b4        0x0
 .glue_7        0x00000000        0x0 linker stubs

.glue_7t        0x080031b4        0x0
 .glue_7t       0x00000000        0x0 linker stubs

.vfp11_veneer   0x080031b4        0x0
 .vfp11_veneer  0x00000000        0x0 linker stubs

.v4_bx          0x080031b4        0x0
 .v4_bx         0x00000000        0x0 linker stubs

.iplt           0x080031b4        0x0
 .iplt          0x00000000        0x0 ..\obj\system_stm32f10x.o

.rel.dyn        0x080031b4        0x0
 .rel.iplt      0x00000000        0x0 ..\obj\system_stm32f10x.o

.ARM.extab
 *(.ARM.extab* .gnu.linkonce.armextab.*)
                0x080031b4                __exidx_start = .

.ARM.exidx
 *(.ARM.exidx* .gnu.linkonce.armexidx.*)
                0x080031b4                __exidx_end = .
                0x080031b4                __etext = .
                0x080031b4                _sidata = __etext

.data           0x20000000        0x4 load address 0x080031b4
                0x20000000                __data_start__ = .
                0x20000000                _sdata = __data_start__
 *(vtable)
 *(.data*)
 .data          0x20000000        0x4 ..\obj\GUI_DRV.o
                0x20000000                font
                0x20000004                . = ALIGN (0x4)
                0x20000004                PROVIDE (__preinit_array_start, .)
 *(.preinit_array)
                0x20000004                PROVIDE (__preinit_array_end, .)
                0x20000004                . = ALIGN (0x4)
                0x20000004                PROVIDE (__init_array_start, .)
 *(SORT(.init_array.*))
 *(.init_array)
                0x20000004                PROVIDE (__init_array_end, .)
                0x20000004                . = ALIGN (0x4)
                0x20000004                PROVIDE (__fini_array_start, .)
 *(SORT(.fini_array.*))
 *(.fini_array)
                0x20000004                PROVIDE (__fini_array_end, .)
 *(.jcr*)
                0x20000004                . = ALIGN (0x4)
                0x20000004                __data_end__ = .
                0x20000004                _edata = __data_end__

.igot.plt       0x20000004        0x0 load address 0x080031b8
 .igot.plt      0x00000000        0x0 ..\obj\system_stm32f10x.o

.bss            0x20000004       0x44 load address 0x080031b8
                0x20000004                . = ALIGN (0x4)
                0x20000004                __bss_start__ = .
                0x20000004                _sbss = __bss_start__
 *(.bss*)
 .bss           0x20000004        0x4 ..\obj\main.o
                0x20000004                X
                0x20000006                Y
 .bss           0x20000008       0x3c ..\obj\touch2046.o
 .bss           0x20000044        0x1 ..\obj\GUI_DRV.o
 *(COMMON)
                0x20000048                . = ALIGN (0x4)
 *fill*         0x20000045        0x3 
                0x20000048                __bss_end__ = .
                0x20000048                _ebss = __bss_end__

.heap           0x20000048        0x0
                0x20000048                __end__ = .
                0x20000048                _end = __end__
                0x20000048                end = __end__
 *(.heap*)
                0x20000048                __HeapLimit = .

.co_stack       0x20000048      0x400 load address 0x080031fc
                0x20000048                . = ALIGN (0x8)
 *(.co_stack .co_stack.*)
 .co_stack      0x20000048      0x400 ..\obj\startup_stm32f10x_hd.o
                0x20000048                pulStack
                0x20010000                __StackTop = (ORIGIN (ram) + 0x10000)
                0x2000fc00                __StackLimit = (__StackTop - SIZEOF (.co_stack))
                0x20010000                PROVIDE (__stack, __StackTop)
                0x00000001                ASSERT ((__StackLimit >= __HeapLimit), region ram  overflowed with stack)
LOAD ..\obj\system_stm32f10x.o
LOAD ..\obj\startup_stm32f10x_hd.o
LOAD ..\obj\stm32f10x_fsmc.o
LOAD ..\obj\LCD_DRIVER.o
LOAD ..\obj\System.o
LOAD ..\obj\stm32f10x_gpio.o
LOAD ..\obj\main.o
LOAD ..\obj\font.o
LOAD ..\obj\printf.o
LOAD ..\obj\stm32f10x_rcc.o
LOAD ..\obj\stm32f10x_exti.o
LOAD ..\obj\touch2046.o
LOAD ..\obj\syscalls.o
LOAD ..\obj\GUI_DRV.o
LOAD ..\obj\misc.o
LOAD ..\obj\stm32f10x_spi.o
LOAD c:/gcc/bin/../lib/gcc/arm-none-eabi/4.8.4/../../../../arm-none-eabi/lib/armv7-m\libm.a
LOAD c:/gcc/bin/../lib/gcc/arm-none-eabi/4.8.4/armv7-m\libgcc.a
LOAD c:/gcc/bin/../lib/gcc/arm-none-eabi/4.8.4/../../../../arm-none-eabi/lib/armv7-m\libc.a
START GROUP
LOAD c:/gcc/bin/../lib/gcc/arm-none-eabi/4.8.4/armv7-m\libgcc.a
LOAD c:/gcc/bin/../lib/gcc/arm-none-eabi/4.8.4/../../../../arm-none-eabi/lib/armv7-m\libg.a
LOAD c:/gcc/bin/../lib/gcc/arm-none-eabi/4.8.4/../../../../arm-none-eabi/lib/armv7-m\libc.a
END GROUP
OUTPUT(TFT_LCD.elf elf32-littlearm)

.debug_info     0x00000000     0x3c07
 .debug_info    0x00000000      0x479 ..\obj\system_stm32f10x.o
 .debug_info    0x00000479       0xe9 ..\obj\startup_stm32f10x_hd.o
 .debug_info    0x00000562      0x8f4 ..\obj\stm32f10x_fsmc.o
 .debug_info    0x00000e56      0x118 ..\obj\LCD_DRIVER.o
 .debug_info    0x00000f6e       0xdc ..\obj\System.o
 .debug_info    0x0000104a      0x6e7 ..\obj\stm32f10x_gpio.o
 .debug_info    0x00001731      0x3f8 ..\obj\main.o
 .debug_info    0x00001b29      0x19a ..\obj\font.o
 .debug_info    0x00001cc3      0x88d ..\obj\stm32f10x_rcc.o
 .debug_info    0x00002550      0x761 ..\obj\touch2046.o
 .debug_info    0x00002cb1      0x663 ..\obj\GUI_DRV.o
 .debug_info    0x00003314      0x8f3 ..\obj\stm32f10x_spi.o

.debug_abbrev   0x00000000      0xf09
 .debug_abbrev  0x00000000      0x14c ..\obj\system_stm32f10x.o
 .debug_abbrev  0x0000014c       0xa7 ..\obj\startup_stm32f10x_hd.o
 .debug_abbrev  0x000001f3      0x170 ..\obj\stm32f10x_fsmc.o
 .debug_abbrev  0x00000363       0x85 ..\obj\LCD_DRIVER.o
 .debug_abbrev  0x000003e8       0x85 ..\obj\System.o
 .debug_abbrev  0x0000046d      0x1c8 ..\obj\stm32f10x_gpio.o
 .debug_abbrev  0x00000635      0x137 ..\obj\main.o
 .debug_abbrev  0x0000076c       0xa9 ..\obj\font.o
 .debug_abbrev  0x00000815      0x1ba ..\obj\stm32f10x_rcc.o
 .debug_abbrev  0x000009cf      0x1f7 ..\obj\touch2046.o
 .debug_abbrev  0x00000bc6      0x1c5 ..\obj\GUI_DRV.o
 .debug_abbrev  0x00000d8b      0x17e ..\obj\stm32f10x_spi.o

.debug_aranges  0x00000000      0x520
 .debug_aranges
                0x00000000       0x38 ..\obj\system_stm32f10x.o
 .debug_aranges
                0x00000038       0x28 ..\obj\startup_stm32f10x_hd.o
 .debug_aranges
                0x00000060       0xb0 ..\obj\stm32f10x_fsmc.o
 .debug_aranges
                0x00000110       0x28 ..\obj\LCD_DRIVER.o
 .debug_aranges
                0x00000138       0x20 ..\obj\System.o
 .debug_aranges
                0x00000158       0xa8 ..\obj\stm32f10x_gpio.o
 .debug_aranges
                0x00000200       0x38 ..\obj\main.o
 .debug_aranges
                0x00000238       0x18 ..\obj\font.o
 .debug_aranges
                0x00000250      0x118 ..\obj\stm32f10x_rcc.o
 .debug_aranges
                0x00000368       0x70 ..\obj\touch2046.o
 .debug_aranges
                0x000003d8       0x78 ..\obj\GUI_DRV.o
 .debug_aranges
                0x00000450       0xd0 ..\obj\stm32f10x_spi.o

.debug_ranges   0x00000000      0x458
 .debug_ranges  0x00000000       0x28 ..\obj\system_stm32f10x.o
 .debug_ranges  0x00000028       0x18 ..\obj\startup_stm32f10x_hd.o
 .debug_ranges  0x00000040       0xa0 ..\obj\stm32f10x_fsmc.o
 .debug_ranges  0x000000e0       0x18 ..\obj\LCD_DRIVER.o
 .debug_ranges  0x000000f8       0x10 ..\obj\System.o
 .debug_ranges  0x00000108       0x98 ..\obj\stm32f10x_gpio.o
 .debug_ranges  0x000001a0       0x28 ..\obj\main.o
 .debug_ranges  0x000001c8      0x108 ..\obj\stm32f10x_rcc.o
 .debug_ranges  0x000002d0       0x60 ..\obj\touch2046.o
 .debug_ranges  0x00000330       0x68 ..\obj\GUI_DRV.o
 .debug_ranges  0x00000398       0xc0 ..\obj\stm32f10x_spi.o

.debug_line     0x00000000     0x1dfc
 .debug_line    0x00000000      0x1b0 ..\obj\system_stm32f10x.o
 .debug_line    0x000001b0       0xa4 ..\obj\startup_stm32f10x_hd.o
 .debug_line    0x00000254      0x3f0 ..\obj\stm32f10x_fsmc.o
 .debug_line    0x00000644      0x118 ..\obj\LCD_DRIVER.o
 .debug_line    0x0000075c      0x10f ..\obj\System.o
 .debug_line    0x0000086b      0x34b ..\obj\stm32f10x_gpio.o
 .debug_line    0x00000bb6      0x28c ..\obj\main.o
 .debug_line    0x00000e42       0xbf ..\obj\font.o
 .debug_line    0x00000f01      0x459 ..\obj\stm32f10x_rcc.o
 .debug_line    0x0000135a      0x375 ..\obj\touch2046.o
 .debug_line    0x000016cf      0x36f ..\obj\GUI_DRV.o
 .debug_line    0x00001a3e      0x3be ..\obj\stm32f10x_spi.o

.debug_str      0x00000000     0x19a8
 .debug_str     0x00000000      0x28e ..\obj\system_stm32f10x.o
                                0x302 (size before relaxing)
 .debug_str     0x0000028e       0xb2 ..\obj\startup_stm32f10x_hd.o
                                0x152 (size before relaxing)
 .debug_str     0x00000340      0x607 ..\obj\stm32f10x_fsmc.o
                                0x78d (size before relaxing)
 .debug_str     0x00000947       0x5b ..\obj\LCD_DRIVER.o
                                0x1b9 (size before relaxing)
 .debug_str     0x000009a2       0x47 ..\obj\System.o
                                0x18c (size before relaxing)
 .debug_str     0x000009e9      0x385 ..\obj\stm32f10x_gpio.o
                                0x52c (size before relaxing)
 .debug_str     0x00000d6e       0xd6 ..\obj\main.o
                                0x54a (size before relaxing)
 .debug_str     0x00000e44       0xe2 ..\obj\font.o
                                0x21a (size before relaxing)
 .debug_str     0x00000f26      0x3ea ..\obj\stm32f10x_rcc.o
                                0x62d (size before relaxing)
 .debug_str     0x00001310      0x247 ..\obj\touch2046.o
                                0x551 (size before relaxing)
 .debug_str     0x00001557      0x17d ..\obj\GUI_DRV.o
                                0x392 (size before relaxing)
 .debug_str     0x000016d4      0x2d4 ..\obj\stm32f10x_spi.o
                                0x610 (size before relaxing)

.comment        0x00000000       0x70
 .comment       0x00000000       0x70 ..\obj\system_stm32f10x.o
                                 0x71 (size before relaxing)
 .comment       0x00000000       0x71 ..\obj\startup_stm32f10x_hd.o
 .comment       0x00000000       0x71 ..\obj\stm32f10x_fsmc.o
 .comment       0x00000000       0x71 ..\obj\LCD_DRIVER.o
 .comment       0x00000000       0x71 ..\obj\System.o
 .comment       0x00000000       0x71 ..\obj\stm32f10x_gpio.o
 .comment       0x00000000       0x71 ..\obj\main.o
 .comment       0x00000000       0x71 ..\obj\font.o
 .comment       0x00000000       0x71 ..\obj\stm32f10x_rcc.o
 .comment       0x00000000       0x71 ..\obj\touch2046.o
 .comment       0x00000000       0x71 ..\obj\GUI_DRV.o
 .comment       0x00000000       0x71 ..\obj\stm32f10x_spi.o

.ARM.attributes
                0x00000000       0x33
 .ARM.attributes
                0x00000000       0x33 ..\obj\system_stm32f10x.o
 .ARM.attributes
                0x00000033       0x33 ..\obj\startup_stm32f10x_hd.o
 .ARM.attributes
                0x00000066       0x33 ..\obj\stm32f10x_fsmc.o
 .ARM.attributes
                0x00000099       0x33 ..\obj\LCD_DRIVER.o
 .ARM.attributes
                0x000000cc       0x33 ..\obj\System.o
 .ARM.attributes
                0x000000ff       0x33 ..\obj\stm32f10x_gpio.o
 .ARM.attributes
                0x00000132       0x33 ..\obj\main.o
 .ARM.attributes
                0x00000165       0x33 ..\obj\font.o
 .ARM.attributes
                0x00000198       0x33 ..\obj\stm32f10x_rcc.o
 .ARM.attributes
                0x000001cb       0x33 ..\obj\touch2046.o
 .ARM.attributes
                0x000001fe       0x33 ..\obj\GUI_DRV.o
 .ARM.attributes
                0x00000231       0x33 ..\obj\stm32f10x_spi.o
 .ARM.attributes
                0x00000264       0x2d c:/gcc/bin/../lib/gcc/arm-none-eabi/4.8.4/../../../../arm-none-eabi/lib/armv7-m\libc.a(lib_a-strlen.o)

.debug_frame    0x00000000      0xf04
 .debug_frame   0x00000000       0x80 ..\obj\system_stm32f10x.o
 .debug_frame   0x00000080       0x48 ..\obj\startup_stm32f10x_hd.o
 .debug_frame   0x000000c8      0x220 ..\obj\stm32f10x_fsmc.o
 .debug_frame   0x000002e8       0x48 ..\obj\LCD_DRIVER.o
 .debug_frame   0x00000330       0x2c ..\obj\System.o
 .debug_frame   0x0000035c      0x210 ..\obj\stm32f10x_gpio.o
 .debug_frame   0x0000056c       0x88 ..\obj\main.o
 .debug_frame   0x000005f4      0x388 ..\obj\stm32f10x_rcc.o
 .debug_frame   0x0000097c      0x158 ..\obj\touch2046.o
 .debug_frame   0x00000ad4      0x174 ..\obj\GUI_DRV.o
 .debug_frame   0x00000c48      0x29c ..\obj\stm32f10x_spi.o
 .debug_frame   0x00000ee4       0x20 c:/gcc/bin/../lib/gcc/arm-none-eabi/4.8.4/../../../../arm-none-eabi/lib/armv7-m\libc.a(lib_a-strlen.o)
